Testing against Django installed in '/testbed/20250723/203354/django/django'
Importing application auth_tests
Skipping setup of unused database(s): other.
Operations to perform:
  Synchronize unmigrated apps: auth, auth_tests, contenttypes, messages, sessions, staticfiles
  Apply all migrations: admin, sites
Synchronizing apps without migrations:
  Creating tables...
    Creating table django_content_type
    Creating table auth_permission
    Creating table auth_group
    Creating table auth_user
    Creating table django_session
    Creating table auth_tests_customuser
    Creating table auth_tests_customuserwithoutisactivefield
    Creating table auth_tests_extensionuser
    Creating table auth_tests_custompermissionsuser
    Creating table auth_tests_customusernonuniqueusername
    Creating table auth_tests_isactivetestuser1
    Creating table auth_tests_minimaluser
    Creating table auth_tests_nopassworduser
    Creating table auth_tests_concrete
    Creating table auth_tests_uuiduser
    Creating table auth_tests_email
    Creating table auth_tests_customuserwithfk
    Creating table auth_tests_integerusernameuser
    Creating table auth_tests_userwithdisabledlastloginfield
    Running deferred SQL...
Running migrations:
  Applying admin.0001_initial... OK
  Applying admin.0002_logentry_remove_auto_add... OK
  Applying admin.0003_logentry_add_action_flag_choices... OK
  Applying sites.0001_initial... OK
  Applying sites.0002_alter_domain_unique... OK
System check identified no issues (0 silenced).
